0: 41
1: 18(41)42
2: 53(18)25 69(18)54 82(18)25
3: 6(82)31
4: 51(6)30 66(6)68 94(6)19
5: 1(94)21 67(51)23 75(94)27
6: 39(67)7 92(75)25 106(1)10
7: 55(106)8 88(39)4 127(92)21
8: 70(55)8 91(127)42
9: 34(70)1 58(70)17 95(70)1
10: 54(34)5 63(95)25 123(34)5
11: 14(54)15 26(123)21 31(123)6 56(63)12 71(123)19 81(63)14 103(123)32 104(54)1 114(123)35 126(54)0
12: 17(126)20 27(31)29 52(31)16 60(56)21 107(14)3 108(103)28 113(103)14
13: 0(60)16 15(17)11 19(107)6 22(108)13 45(17)10 76(27)27 78(52)25 84(52)39 89(27)23 96(60)20 100(113)31 102(17)41 110(107)4 119(108)61
14: 5(78)21 7(45)17 10(89)15 33(19)23 37(45)15 43(78)16 47(89)16 85(45)0 87(76)16 101(19)0 105(45)19 109(110)14 112(19)29 118(76)47 125(102)22
15: 4(109)17 12(5)26 23(5)49 30(33)10 32(43)36 44(125)62 59(125)51 61(105)25 68(37)21 73(37)47 79(33)48 80(109)2 83(37)1 86(85)6 115(112)0 120(47)16
16: 2(120)19 9(120)16 25(83)0 28(4)12 40(4)60 57(30)15 62(23)45 64(30)28 72(61)9 93(115)43 99(120)20 116(61)81 121(4)34 122(83)47
17: 11(25)0 29(9)38 38(99)51 49(93)63 97(28)30 98(64)7 111(72)42 124(28)6
18: 16(98)17 21(124)14 42(11)9 46(124)39 48(97)39 74(98)17
19: 8(46)16 20(74)66 24(21)31 50(74)9 77(16)30
20: 35(77)0 65(8)20 90(24)16
21: 3(35)23 13(90)35 36(65)22
22: 117(13)3
weight: 2916
