0: 11
1: 2(11)130 6(11)26 8(11)105
2: 3(8)2 7(2)83 13(2)85
3: 0(3)37 1(7)132 5(7)69 9(7)86 12(3)113 14(13)34
4: 4(14)208 10(1)108 15(9)24
weight: 1242
