0: 37
1: 80(37)6 186(37)10
2: 5(186)6 79(80)9 99(80)1
3: 214(79)2
4: 106(214)3 163(214)0
5: 48(106)3 122(163)2 182(106)6
6: 20(182)3 31(182)16 61(182)4 187(122)1 213(122)3 250(182)3
7: 8(20)5 41(213)10 78(250)3 96(20)6 123(187)7 151(61)10 152(20)8 162(250)3 200(20)15 223(187)10
8: 23(151)16 81(152)1 100(41)0 133(8)16 140(8)3 159(8)5 177(78)1 191(8)2 198(162)0 205(78)2 210(8)3 230(200)7 252(162)5
9: 15(159)3 21(230)0 30(159)6 36(100)14 91(198)4 113(23)12 119(159)5 150(210)0 171(100)0 185(159)4 192(252)12 193(230)7 204(159)4 225(140)5 239(191)1 249(198)6
10: 4(192)10 14(15)5 19(204)4 34(239)2 50(171)22 62(91)0 83(185)6 109(239)7 132(150)8 158(249)4 166(239)12 168(204)1 201(204)1 211(239)6 229(30)7
11: 13(229)7 17(211)8 52(62)4 57(229)5 93(132)3 104(168)15 107(14)3 110(211)2 118(83)2 135(168)6
12: 72(57)7 77(52)5 144(57)4 175(93)14 194(118)5 196(13)10 203(135)3 220(57)4 221(13)6 231(110)6
13: 0(220)6 26(72)4 32(220)13 75(221)6 92(196)15 178(77)2 228(194)8 236(194)9 237(77)3 242(196)1 248(175)10
14: 28(228)1 35(237)4 49(178)0 67(237)4 84(26)3 115(178)1 121(237)4 127(75)13 143(228)4 174(242)28
15: 29(67)8 71(35)15 73(67)3 105(49)3 111(115)3 124(121)3 153(84)10 154(35)3 156(115)1 161(35)7 173(84)25 181(121)1 235(49)10
16: 27(156)2 38(154)3 45(154)6 89(161)5 114(153)3 120(111)7 128(153)7 138(153)11 139(153)2 148(156)1 157(111)2 164(111)0 218(105)9 219(154)5 234(124)10 251(111)2
17: 18(157)2 43(89)9 69(251)0 94(234)8 95(38)6 103(38)7 112(157)24 117(27)4 137(139)2 141(148)4 145(219)4 147(45)11 172(148)2 190(164)2 199(120)1 207(157)8 243(89)9 247(114)8 254(89)5
18: 2(95)4 3(254)7 11(95)5 22(95)10 59(94)19 63(103)6 64(190)0 66(69)0 68(199)5 74(243)9 102(141)18 126(172)0 131(141)5 184(18)0 195(69)7 209(43)9 215(141)2
19: 25(63)0 39(66)5 58(63)2 76(66)6 165(184)2 167(195)1 169(195)6 202(215)10 226(74)9 232(195)6 246(66)0
20: 6(58)5 51(232)9 55(25)3 188(25)1 197(39)4 208(25)9 224(169)1 238(246)9 244(167)3
21: 24(224)15 47(188)8 53(208)7 90(55)3 98(197)1 149(244)0 160(208)18 170(55)19 183(6)3 212(197)6 240(197)2 255(6)8
22: 1(212)4 9(240)6 44(90)23 65(90)5 88(53)9 108(240)2 134(47)5 155(255)7 206(47)6 217(255)1 222(183)1 233(98)16 253(240)2
23: 16(108)1 46(88)9 56(88)11 86(9)6 101(1)5 125(88)3 130(108)10 136(155)0 146(9)1 176(206)2 179(88)13
24: 7(16)0 33(176)2 54(179)0 60(136)4 70(16)3 85(176)4 97(130)6 116(46)12 142(46)13 180(176)0 216(46)5 241(125)8
25: 10(60)4 40(180)25 42(54)12 82(54)0 87(180)12 129(33)8 227(180)7
26: 12(129)4
27: 189(12)1 245(12)0
weight: 1500
