0: 27
1: 8(27)35
2: 4(8)66 11(8)42 12(8)130
3: 0(4)83 3(12)77 6(4)125 24(4)40 29(4)17 31(12)108
4: 17(0)193 20(0)87 21(24)19 26(29)90
5: 5(26)92 9(21)33 13(21)36 16(26)227
6: 2(13)0 25(13)29
7: 14(2)52 22(25)26
8: 7(22)5 10(22)190 23(22)107 30(14)162
9: 1(10)30 15(30)112 18(7)73 19(7)160 28(23)20
weight: 2466
