0: 0
1: 3(0)21 9(0)56
2: 2(9)55 5(9)66 8(3)161
3: 1(2)61 6(5)65
4: 4(6)33 7(1)5
weight: 523
