0: 7
1: 2(7)421 6(7)383
2: 9(2)386
3: 3(9)190
4: 5(3)415
weight: 1795
