0: 1
1: 0(1)84 7(1)32
2: 2(7)78
3: 3(2)143 6(2)241
4: 5(3)59
5: 4(5)38
weight: 675
