0: 63
1: 12(63)13
2: 22(12)18 31(12)2 45(12)25 55(12)31
3: 2(31)8 4(22)42 16(55)9 20(22)2 37(22)65 53(31)33 61(55)51
4: 18(16)10 42(2)5 44(2)15 49(2)1
5: 23(49)31 40(42)18 51(18)15
6: 0(40)25 35(40)4 38(23)72 59(40)23
7: 1(35)8 3(0)26 19(0)56 21(0)18 33(59)22 48(0)16 56(38)56
8: 13(33)4 14(3)7 15(33)15 24(48)10 26(56)52 39(48)31 43(19)8 57(56)55
9: 5(15)31 11(14)39 17(24)25 46(39)55 47(43)31 50(14)119 52(15)20 58(39)3
10: 25(5)9 28(47)47 32(17)8 54(5)8 62(17)33
11: 29(25)20 34(32)39
12: 36(29)46 41(34)41
13: 6(41)33 8(41)40
14: 9(6)64 30(8)3 60(6)13
15: 10(60)62
16: 7(10)86 27(10)82
weight: 1859
